Microchip MPLAB XC8 Compiler V2.46

Linker command line:

-W-3 \
  --edf=C:\Program Files\Microchip\xc8\v2.46\pic\dat\20240104201356_en.msgs \
  -cn -h+dist/default/production\A2_LED_BY_SWITCHES.X.production.sym \
  --cmf=dist/default/production\A2_LED_BY_SWITCHES.X.production.cmf -z \
  -Q16F877A -oC:\Users\KIRUTH~1\AppData\Local\Temp\xcAs9pc.\driver_tmp_3.o \
  --defsym=__MPLAB_BUILD=1 --fixupoverflow=error \
  -Mdist/default/production/A2_LED_BY_SWITCHES.X.production.map \
  --md=C:\Users\KIRUTH~1\AppData\Local\Temp\xcAs9pc.\driver_tmp_0.dat -E1 \
  -ver=XC8 Compiler --acfsm=1493 -ACODE=00h-07FFhx4 -ASTRCODE=00h-01FFFh \
  -ASTRING=00h-0FFhx32 -ACONST=00h-0FFhx32 -AENTRY=00h-0FFhx32 \
  -ACOMMON=070h-07Fh -ABANK0=020h-06Fh -ABANK1=0A0h-0EFh \
  -ABANK2=0110h-016Fh -ABANK3=0190h-01EFh \
  -ARAM=020h-06Fh,0A0h-0EFh,0110h-016Fh,0190h-01EFh \
  -AABS1=020h-07Fh,0A0h-0EFh,0110h-016Fh,0190h-01EFh -ASFR0=00h-01Fh \
  -ASFR1=080h-09Fh -ASFR2=0100h-010Fh -ASFR3=0180h-018Fh \
  -ACONFIG=02007h-02007h -DCONFIG=2 -AIDLOC=02000h-02003h -DIDLOC=2 \
  -AEEDATA=00h-0FFh/02100h -peeprom_data=EEDATA -DEEDATA=2 -DCODE=2 \
  -DSTRCODE=2 -DSTRING=2 -DCONST=2 -DENTRY=2 \
  -preset_vec=00h,intentry,sivt,init,end_init -ppowerup=CODE -pcinit=CODE \
  -pfunctab=ENTRY -k \
  C:\Users\KIRUTH~1\AppData\Local\Temp\xcAs9pc.\driver_tmp_12.o \
  dist/default/production\A2_LED_BY_SWITCHES.X.production.o 

Object code version is 3.11

Machine type is 16F877A



                Name                               Link     Load   Length Selector   Space Scale
C:\Users\KIRUTH~1\AppData\Local\Temp\xcAs9pc.\driver_tmp_12.o
                end_init                              0        0        3        0       0
                config                             2007     2007        1        0       4
                idloc                              2000     2000        4        0       5
dist/default/production\A2_LED_BY_SWITCHES.X.production.o
                cinit                               7F6      7F6        A      FEC       0
                config                             2007     2007        1        0       4
                idloc                              2000     2000        4        0       5
                text3                               637      637        6      C6E       0
                text2                               63D      63D        C      C7A       0
                text1                               649      649       2A      C92       0
                maintext                            673      673      183      CE6       0
                cstackCOMMON                         70       70        B       70       1
                dataCOMMON                           7B       7B        1       70       1
                strings                               3        3        8        6       0
                idataCOMMON                         636      636        1      C6C       0

TOTAL           Name                               Link     Load   Length     Space
        CLASS   CODE           
                end_init                              0        0        3         0
                cinit                               7F6      7F6        A         0
                text3                               637      637        6         0
                text2                               63D      63D        C         0
                text1                               649      649       2A         0
                maintext                            673      673      183         0
                idataCOMMON                         636      636        1         0

        CLASS   STRCODE        

        CLASS   STRING         
                strings                               3        3        8         0

        CLASS   CONST          

        CLASS   ENTRY          

        CLASS   COMMON         
                cstackCOMMON                         70       70        B         1
                dataCOMMON                           7B       7B        1         1

        CLASS   BANK0          

        CLASS   BANK1          

        CLASS   BANK2          

        CLASS   BANK3          

        CLASS   RAM            

        CLASS   ABS1           
                abs_s1                               7E       7E        2         1

        CLASS   SFR0           

        CLASS   SFR1           

        CLASS   SFR2           

        CLASS   SFR3           

        CLASS   CONFIG         
                config                             2007     2007        1         4

        CLASS   IDLOC          
                idloc                              2000     2000        4         5

        CLASS   EEDATA         

        CLASS   HEAP           

        CLASS   STACK          



SEGMENTS        Name                           Load    Length   Top    Selector   Space  Class     Delta

                reset_vec                      000000  000003  000003         0       0  CODE        2
                strings                        000003  000008  00000B         6       0  STRING      2
                cstackCOMMON                   000070  00000C  00007C        70       1  COMMON      1
                idataCOMMON                    000636  000001  000637       C6C       0  CODE        2
                text3                          000637  000006  00063D       C6E       0  CODE        2
                text2                          00063D  00000C  000649       C7A       0  CODE        2
                text1                          000649  00002A  000673       C92       0  CODE        2
                maintext                       000673  000183  0007F6       CE6       0  CODE        2
                cinit                          0007F6  00000A  000800       FEC       0  CODE        2


UNUSED ADDRESS RANGES

        Name                Unused          Largest block    Delta
        BANK0            0020-006F             50           1
        BANK1            00A0-00EF             50           1
        BANK2            0110-016F             60           1
        BANK3            0190-01EF             60           1
        CODE             000B-0635            62B           2
                         0800-1FFF            800
        COMMON           007C-007D              2           1
        CONST            000B-0635            100           2
                         0800-1FFF            100
        EEDATA           2100-21FF            100           2
        ENTRY            000B-0635            100           2
                         0800-1FFF            100
        RAM              0020-006F             50           1
                         00A0-00EF             50
                         0110-016F             60
                         0190-01EF             60
        SFR0             0000-001F             20           1
        SFR1             0080-009F             20           1
        SFR2             0100-010F             10           1
        SFR3             0180-018F             10           1
        STRCODE          000B-0635            62B           2
                         0800-1FFF           1800
        STRING           000B-0635            100           2
                         0800-1FFF            100

                                  Symbol Table

_PORTB                       (abs)        0006
_PORTD                       (abs)        0008
_TRISB                       (abs)        0086
_TRISD                       (abs)        0088
__H__absolute__              __absolute__ 0000
__Habs1                      abs1         0000
__Hbank0                     bank0        0000
__Hbank1                     bank1        0000
__Hbank2                     bank2        0000
__Hbank3                     bank3        0000
__Hcinit                     cinit        0800
__Hclrtext                   clrtext      0000
__Hcode                      code         0000
__Hcommon                    common       0000
__Hconfig                    config       2008
__HcstackCOMMON              cstackCOMMON 0000
__HdataCOMMON                dataCOMMON   0000
__Heeprom_data               eeprom_data  0000
__Hend_init                  end_init     0003
__Hfunctab                   functab      0000
__Hheap                      heap         0000
__HidataCOMMON               idataCOMMON  0000
__Hidloc                     idloc        2004
__Hinit                      init         0000
__Hintentry                  intentry     0000
__Hmaintext                  maintext     0000
__Hpowerup                   powerup      0000
__Hram                       ram          0000
__Hreset_vec                 reset_vec    0000
__Hsfr0                      sfr0         0000
__Hsfr1                      sfr1         0000
__Hsfr2                      sfr2         0000
__Hsfr3                      sfr3         0000
__Hsivt                      sivt         0000
__Hspace_0                   (abs)        0800
__Hspace_1                   (abs)        007C
__Hspace_2                   (abs)        0000
__Hspace_3                   (abs)        0000
__Hspace_4                   (abs)        400F
__Hstack                     stack        0000
__Hstrings                   strings      0000
__Htext                      text         0000
__L__absolute__              __absolute__ 0000
__Labs1                      abs1         0000
__Lbank0                     bank0        0000
__Lbank1                     bank1        0000
__Lbank2                     bank2        0000
__Lbank3                     bank3        0000
__Lcinit                     cinit        07F6
__Lclrtext                   clrtext      0000
__Lcode                      code         0000
__Lcommon                    common       0000
__Lconfig                    config       0000
__LcstackCOMMON              cstackCOMMON 0000
__LdataCOMMON                dataCOMMON   0000
__Leeprom_data               eeprom_data  0000
__Lend_init                  end_init     0000
__Lfunctab                   functab      0000
__Lheap                      heap         0000
__LidataCOMMON               idataCOMMON  0000
__Lidloc                     idloc        0000
__Linit                      init         0000
__Lintentry                  intentry     0000
__Lmaintext                  maintext     0000
__Lpowerup                   powerup      0000
__Lram                       ram          0000
__Lreset_vec                 reset_vec    0000
__Lsfr0                      sfr0         0000
__Lsfr1                      sfr1         0000
__Lsfr2                      sfr2         0000
__Lsfr3                      sfr3         0000
__Lsivt                      sivt         0000
__Lspace_0                   (abs)        0000
__Lspace_1                   (abs)        0000
__Lspace_2                   (abs)        0000
__Lspace_3                   (abs)        0000
__Lspace_4                   (abs)        0000
__Lstack                     stack        0000
__Lstrings                   strings      0000
__Ltext                      text         0000
__S0                         (abs)        0800
__S1                         (abs)        007C
__S3                         (abs)        0000
___heap_hi                   (abs)        0000
___heap_lo                   (abs)        0000
___int_sp                    stack        0000
___int_stack_hi              stack        0000
___int_stack_lo              stack        0000
___latbits                   (abs)        0002
___sp                        stack        0000
___stack_hi                  stack        0000
___stack_lo                  stack        0000
___stackhi                   (abs)        0000
___stacklo                   (abs)        0000
__end_of__initialization     cinit        07FC
__end_of__stringtab          strings      0009
__end_of_init_config         text2        0649
__end_of_init_digital_keypad text3        063D
__end_of_main                maintext     07F6
__end_of_read_digital_keypad text1        0673
__end_ofmain@delay_limit     strings      000B
__initialization             cinit        07F6
__pcstackCOMMON              cstackCOMMON 0070
__pdataCOMMON                dataCOMMON   007B
__pidataCOMMON               idataCOMMON  0636
__pmaintext                  maintext     0673
__pstrings                   strings      0003
__ptext1                     text1        0649
__ptext2                     text2        063D
__ptext3                     text3        0637
__stringbase                 strings      0008
__stringtab                  strings      0003
_init_config                 text2        063D
_init_digital_keypad         text3        0637
_main                        maintext     0673
_read_digital_keypad         text1        0649
btemp                        (abs)        007E
end_of_initialization        cinit        07FC
intlevel0                    functab      0000
intlevel1                    functab      0000
intlevel2                    functab      0000
intlevel3                    functab      0000
intlevel4                    functab      0000
intlevel5                    functab      0000
main@delay_counter           cstackCOMMON 0074
main@flag                    cstackCOMMON 0078
main@i                       cstackCOMMON 0079
main@key                     cstackCOMMON 0073
main@state                   cstackCOMMON 0076
read_digital_keypad@mode     cstackCOMMON 0071
read_digital_keypad@once     dataCOMMON   007B
reset_vec                    reset_vec    0000
start                        init         0000
start_initialization         cinit        07F6
wtemp0                       (abs)        007E


MODULE INFORMATION

Module		Function		Class		Link	Load	Size
digital_keypad.c
		_init_digital_keypad		CODE           	0637	0000	6
		_read_digital_keypad		CODE           	0649	0000	42

digital_keypad.c estimated size: 48

shared
		__stringtab    		STRING         	0003	0000	6
		__initialization		CODE           	07F6	0000	6
		main@delay_limit		STRING         	0000	0000	0

shared estimated size: 12

main.c
		_main          		CODE           	0673	0000	387
		_init_config   		CODE           	063D	0000	12

main.c estimated size: 399

